I'm sorry, but errors were detected in your script. Please correct the
errors listed below, and try again.


File "game/evidence_items.rpy", line 32: invalid syntax
                                            index = 1,\
                                                 ^
    

Ren'Py Version: Ren'Py 7.4.11.2266
Tue Aug 30 12:41:50 2022
